------------------------------------------------------------
Timing Analyzer Summary
------------------------------------------------------------

Type  : Slow 1100mV 85C Model Setup 'CLOCK_50'
Slack : -14.592
TNS   : -40360.004

Type  : Slow 1100mV 85C Model Hold 'CLOCK_50'
Slack : 0.297
TNS   : 0.000

Type  : Slow 1100mV 85C Model Recovery 'CLOCK_50'
Slack : -0.594
TNS   : -29.998

Type  : Slow 1100mV 85C Model Removal 'CLOCK_50'
Slack : 0.766
TNS   : 0.000

Type  : Slow 1100mV 85C Model Minimum Pulse Width 'CLOCK_50'
Slack : -2.225
TNS   : -29043.359

Type  : Slow 1100mV 0C Model Setup 'CLOCK_50'
Slack : -15.146
TNS   : -38349.503

Type  : Slow 1100mV 0C Model Hold 'CLOCK_50'
Slack : 0.282
TNS   : 0.000

Type  : Slow 1100mV 0C Model Recovery 'CLOCK_50'
Slack : -0.540
TNS   : -25.526

Type  : Slow 1100mV 0C Model Removal 'CLOCK_50'
Slack : 0.717
TNS   : 0.000

Type  : Slow 1100mV 0C Model Minimum Pulse Width 'CLOCK_50'
Slack : -2.225
TNS   : -28992.948

Type  : Fast 1100mV 85C Model Setup 'CLOCK_50'
Slack : -7.600
TNS   : -23606.872

Type  : Fast 1100mV 85C Model Hold 'CLOCK_50'
Slack : 0.174
TNS   : 0.000

Type  : Fast 1100mV 85C Model Recovery 'CLOCK_50'
Slack : 0.024
TNS   : 0.000

Type  : Fast 1100mV 85C Model Removal 'CLOCK_50'
Slack : 0.414
TNS   : 0.000

Type  : Fast 1100mV 85C Model Minimum Pulse Width 'CLOCK_50'
Slack : -2.174
TNS   : -28732.758

Type  : Fast 1100mV 0C Model Setup 'CLOCK_50'
Slack : -7.212
TNS   : -19746.562

Type  : Fast 1100mV 0C Model Hold 'CLOCK_50'
Slack : 0.159
TNS   : 0.000

Type  : Fast 1100mV 0C Model Recovery 'CLOCK_50'
Slack : 0.109
TNS   : 0.000

Type  : Fast 1100mV 0C Model Removal 'CLOCK_50'
Slack : 0.376
TNS   : 0.000

Type  : Fast 1100mV 0C Model Minimum Pulse Width 'CLOCK_50'
Slack : -2.174
TNS   : -28749.112

------------------------------------------------------------
